[INFO]isBalanced of Task5 has been executed.
[ERR]isBalanced of Task5: The string consists of not only round brackets!
[INFO]isBalanced of Task5 has been executed.
[ERR]isBalanced of Task5: The string consists of not only round brackets!
[INFO]isBalanced of Task5 has been executed.
[ERR]isBalanced of Task5: The string consists of not only round brackets!
[INFO]isBalanced of Task5 has been executed.
[ERR]isBalanced of Task5: The string consists of not only round brackets!
[INFO]isBalanced of Task5 has been executed.
[INFO]isBalanced of Task5 has been executed.
[INFO]isBalanced of Task5 has been executed.
[INFO]isBalanced of Task5 has been executed.
[INFO]isBalanced of Task5 has been executed.
[INFO]isBalanced of Task5 has been executed.
[INFO]isBalanced of Task5 has been executed.
[INFO]fib of Task3 has been executed.
[ERR]fib of Task3: The number is negative!
[INFO]fib of Task3 has been executed.
[INFO]fib of Task3 has been executed.
[INFO]fib of Task3 has been executed.
[INFO]fib of Task3 has been executed.
[INFO]fib of Task3 has been executed.
[INFO]fib of Task3 has been executed.
[INFO]isPerfect of Task6 has been executed.
[INFO]isPerfect of Task6 has been executed.
[INFO]isPerfect of Task6 has been executed.
[INFO]isPerfect of Task6 has been executed.
[INFO]isPerfect of Task6 has been executed.
[ERR]isPerfect of Task6: The number is not Natural or it's 1!
[INFO]isPerfect of Task6 has been executed.
[ERR]isPerfect of Task6: The number is not Natural or it's 1!
[INFO]isPerfect of Task6 has been executed.
[ERR]isPerfect of Task6: The number is not Natural or it's 1!
[INFO]fizzBuzz of Task8 has been executed.
[ERR]fizzBuzz of Task8: Wrong input sequence: The begin is less than the end!
[INFO]fizzBuzz of Task8 has been executed.
[INFO]fizzBuzz of Task8 has been executed.
[INFO]fizzBuzz of Task8 has been executed.
[INFO]isHappy of Task7 has been executed.
[ERR]This is not a ticket!
[INFO]isHappy of Task7 has been executed.
[ERR]The ticket has uneven number of digits
[INFO]isHappy of Task7 has been executed.
[INFO]isHappy of Task7 has been executed.
[INFO]isHappy of Task7 has been executed.
[INFO]isHappy of Task7 has been executed.
[INFO]addDigits of Task4 has been executed.
[INFO]addDigits of Task4 has been executed.
[INFO]addDigits of Task4 has been executed.
[INFO]addDigits of Task4 has been executed.
[INFO]addDigits of Task4 has been executed.
[INFO]addDigits of Task4 has been executed.
[INFO]addDigits of Task4 has been executed.
[ERR]addDigits of Task4: The number is negative!
[INFO]binarySum of Task1 has been executed.
[INFO]isPowerOfThree of Task2 has been executed.
[INFO]isPowerOfThree of Task2 has been executed.
[INFO]isPowerOfThree of Task2 has been executed.
[INFO]isPowerOfThree of Task2 has been executed.
[INFO]isPowerOfThree of Task2 has been executed.
[INFO]isPowerOfThree of Task2 has been executed.
[ERR]isPowerOfThree: The number is not Natural
[INFO]isPowerOfThree of Task2 has been executed.
[ERR]isPowerOfThree: The number is not Natural
